Full run: 336 items
[1/336] [bananas] no match today (tried 8 queries)
[2/336] [gala-apples] no match today (tried 8 queries)
[3/336] [baby-carrots] matched via "baby carrots fruit": $1.74
[4/336] [broccoli-crowns] matched via "Broccoli Crowns": $1.72
[5/336] [romaine-lettuce] matched via "Romaine Lettuce": $2.97
[6/336] [tomatoes] no match today (tried 8 queries)
[7/336] [russet-potatoes] matched via "Russet Potatoes": $5.38
[8/336] [yellow-onions] matched via "Yellow Onions": $3.74
[9/336] [avocados] no match today (tried 8 queries)
[10/336] [strawberries] matched via "fresh strawberries": $3.97
[11/336] [blueberries] matched via "fresh blueberries": $4.46
[12/336] [grapes] no match today (tried 8 queries)
[13/336] [watermelon] no match today (tried 8 queries)
[14/336] [spinach] matched via "Baby Spinach": $3.64
[15/336] [cucumbers] no match today (tried 8 queries)
[16/336] [bell-peppers] no match today (tried 8 queries)
[17/336] [sweet-potatoes] matched via "Sweet Potatoes": $1.52
[18/336] [red-apples] no match today (tried 8 queries)
[19/336] [green-apples] no match today (tried 8 queries)
[20/336] [oranges] no match today (tried 8 queries)
[21/336] [lemons] no match today (tried 8 queries)
[22/336] [limes] no match today (tried 8 queries)
[23/336] [pineapple] matched via "Pineapple": $4.25 (was $6.58)
[24/336] [mango] no match today (tried 8 queries)
[25/336] [peaches] matched via "Peaches": $1.97
[26/336] [pears] matched via "Bartlett Pears": $2.13
[27/336] [plums] no match today (tried 8 queries)
[28/336] [cherries] matched via "Cherries": $5.47
[29/336] [raspberries] matched via "Raspberries": $4.16
[30/336] [blackberries] no match today (tried 8 queries)
[31/336] [kiwi] no match today (tried 8 queries)
[32/336] [cantaloupe] matched via "Cantaloupe": $3.12
[33/336] [honeydew] matched via "Honeydew Melon": $4.36
[34/336] [pomegranate] matched via "Pomegranate": $3.67
[35/336] [celery] matched via "Celery": $2.87
[36/336] [zucchini] matched via "Zucchini": $1.92
[37/336] [yellow-squash] no match today (tried 8 queries)
[38/336] [cauliflower] matched via "Cauliflower": $3.97
[39/336] [green-beans] matched via "Green Beans": $2.47
[40/336] [asparagus] matched via "asparagus fruit": $4.97 (was $5.99)
[41/336] [mushrooms] no match today (tried 8 queries)
[42/336] [garlic] matched via "garlic fruit": $0.96
[43/336] [fresh-ginger] no match today (tried 8 queries)
[44/336] [green-cabbage] no match today (tried 8 queries)
[45/336] [red-cabbage] no match today (tried 8 queries)
[46/336] [corn-on-the-cob] no match today (tried 8 queries)
[47/336] [cilantro] matched via "fresh cilantro": $0.93
[48/336] [parsley] matched via "Parsley": $1.08
[49/336] [fresh-basil] matched via "Fresh Basil": $3.63
[50/336] [green-onions] matched via "green onions fruit": $1.22
[51/336] [red-onions] no match today (tried 8 queries)
[52/336] [radishes] no match today (tried 8 queries)
[53/336] [beets] no match today (tried 8 queries)
[54/336] [brussels-sprouts] matched via "Brussels Sprouts": $3.17
[55/336] [kale] no match today (tried 8 queries)
[56/336] [arugula] matched via "Arugula": $4.36
[57/336] [iceberg-lettuce] matched via "Iceberg Lettuce": $2.28
[58/336] [snap-peas] matched via "Sugar Snap Peas": $2.89
[59/336] [jalapenos] matched via "Jalapeño Peppers": $3.08
[60/336] [roma-tomatoes] no match today (tried 8 queries)
[61/336] [cherry-tomatoes] no match today (tried 8 queries)
[62/336] [eggplant] no match today (tried 8 queries)
[63/336] [whole-milk] no match today (tried 4 queries)
[64/336] [two-percent-milk] matched via "2% Milk": $3.87
[65/336] [large-eggs] matched via "Large Eggs": $3.87
[66/336] [butter] matched via "Salted Butter": $5.96
[67/336] [shredded-cheddar] matched via "Shredded Cheddar": $3.48
[68/336] [american-cheese] matched via "American Cheese Slices": $4.58
[69/336] [greek-yogurt] matched via "Greek Yogurt": $4.67
[70/336] [sour-cream] matched via "Sour Cream": $2.38
[71/336] [orange-juice] matched via "Orange Juice": $4.52
[72/336] [cream-cheese] matched via "Cream Cheese": $2.97
[73/336] [cottage-cheese] matched via "Cottage Cheese": $3.54
[74/336] [almond-milk] matched via "Almond Milk": $4.82
[75/336] [oat-milk] matched via "Oat Milk": $5.28
[76/336] [organic-eggs] matched via "Organic Large Eggs": $6.94
[77/336] [egg-whites] matched via "Liquid Egg Whites": $4.87
[78/336] [skim-milk] matched via "skim milk grocery": $3.16
[79/336] [lactose-free-milk] matched via "Lactose-Free Milk": $3.59
[80/336] [heavy-cream] matched via "Heavy Whipping Cream": $4.83
[81/336] [half-and-half] matched via "Half & Half": $2.56
[82/336] [coffee-creamer] matched via "Coffee Creamer": $3.56
[83/336] [mozzarella] matched via "Shredded Mozzarella": $3.48
[84/336] [parmesan] matched via "Grated Parmesan": $4.63
[85/336] [swiss-cheese] matched via "Swiss Cheese Slices": $3.78
[86/336] [string-cheese] matched via "String Cheese": $5.58
[87/336] [cheddar-block] matched via "Cheddar Cheese Block": $3.98
[88/336] [feta-cheese] matched via "Feta Cheese": $4.47
[89/336] [plain-yogurt] matched via "Plain Yogurt": $5.17
[90/336] [yogurt-cups] no match today (tried 4 queries)
[91/336] [yogurt-tubes] matched via "Yogurt Tubes": $4.97
[92/336] [margarine] no match today (tried 4 queries)
[93/336] [whipped-cream] matched via "whipped cream grocery": $3.81 (was $13)
[94/336] [soy-milk] matched via "Soy Milk": $3.97
[95/336] [coconut-milk] matched via "Coconut Milk": $4
[96/336] [ricotta-cheese] matched via "Ricotta Cheese": $4.48
[97/336] [provolone] matched via "Provolone Cheese Slices": $4.22
[98/336] [unsalted-butter] matched via "Unsalted Butter": $4.97
[99/336] [chicken-breast] no match today (tried 5 queries)
[100/336] [ground-beef] no match today (tried 5 queries)
[101/336] [bacon] matched via "Bacon": $6.48 (was $7.28)
[102/336] [pork-chops] no match today (tried 5 queries)
[103/336] [chicken-thighs] no match today (tried 5 queries)
[104/336] [italian-sausage] matched via "Italian Sausage": $4.97
[105/336] [deli-turkey] matched via "Sliced Deli Turkey": $8.27
[106/336] [salmon-fillet] matched via "Salmon Fillet": $11.96
[107/336] [ground-turkey] matched via "Ground Turkey": $4.97
[108/336] [shrimp] matched via "Shrimp": $11.39 (was $16.58)
[109/336] [tilapia] matched via "Tilapia Fillets": $6.28
[110/336] [hot-dogs] matched via "Hot Dogs": $5.67
[111/336] [steak] no match today (tried 5 queries)
[112/336] [chicken-drumsticks] no match today (tried 5 queries)
[113/336] [chicken-wings] no match today (tried 5 queries)
[114/336] [whole-chicken] no match today (tried 5 queries)
[115/336] [ground-pork] no match today (tried 5 queries)
[116/336] [pork-tenderloin] no match today (tried 5 queries)
[117/336] [pork-ribs] no match today (tried 5 queries)
[118/336] [beef-brisket] matched via "Beef Brisket": $7.98 (was $8.98)
[119/336] [lean-ground-beef] no match today (tried 5 queries)
[120/336] [beef-stew-meat] no match today (tried 5 queries)
[121/336] [flank-steak] no match today (tried 5 queries)
[122/336] [sirloin-steak] no match today (tried 5 queries)
[123/336] [veal-cutlets] matched via "Veal Cutlets": $13.93
[124/336] [lamb-chops] matched via "fresh lamb chops": $14.95 (was $19.89)
[125/336] [turkey-breast-whole] no match today (tried 5 queries)
[126/336] [ground-chicken] no match today (tried 5 queries)
[127/336] [andouille-sausage] matched via "Andouille Sausage": $5.54
[128/336] [breakfast-sausage] matched via "Breakfast Sausage Links": $4.58
[129/336] [salami] matched via "Sliced Salami": $4.94
[130/336] [pepperoni] matched via "Sliced Pepperoni": $4.42
[131/336] [deli-ham] matched via "Sliced Deli Ham": $8.47
[132/336] [prosciutto] matched via "Prosciutto": $6.42
[133/336] [smoked-salmon] matched via "Smoked Salmon": $10
[134/336] [cod-fillet] no match today (tried 5 queries)
[135/336] [crab-legs] matched via "Crab Legs": $14.67
[136/336] [lobster-tail] no match today (tried 5 queries)
[137/336] [scallops] no match today (tried 5 queries)
[138/336] [mussels] matched via "mussels meat department": $8
[139/336] [clams] matched via "Clams": $7.14
[140/336] [canned-tuna] no match today (tried 5 queries)
[141/336] [imitation-crab] no match today (tried 5 queries)
[142/336] [veggie-burgers] no match today (tried 5 queries)
[143/336] [tofu] matched via "Firm Tofu": $3.42
[144/336] [white-bread] matched via "White Bread Loaf": $2.97
[145/336] [whole-wheat-bread] matched via "Whole Wheat Bread": $3.48
[146/336] [bagels] matched via "Plain Bagels": $2.97
[147/336] [english-muffins] matched via "English Muffins": $3.38 (was $3.77)
[148/336] [tortillas] matched via "Flour Tortillas": $3.72
[149/336] [dinner-rolls] no match today (tried 4 queries)
[150/336] [pita-bread] matched via "fresh pita bread": $3.27
[151/336] [croissants] matched via "Croissants": $5.24
[152/336] [muffins] matched via "Blueberry Muffins": $5.23
[153/336] [sourdough-bread] matched via "Sourdough Bread": $4.02
[154/336] [rye-bread] matched via "Rye Bread": $4.37
[155/336] [multigrain-bread] matched via "Multigrain Bread": $3.98
[156/336] [brioche-buns] no match today (tried 4 queries)
[157/336] [hot-dog-buns] matched via "Hot Dog Buns": $2.94 (was $3.27)
[158/336] [hamburger-buns] matched via "Hamburger Buns": $2.97
[159/336] [french-baguette] no match today (tried 4 queries)
[160/336] [cinnamon-rolls] matched via "Cinnamon Rolls": $4.47
[161/336] [donuts] matched via "Glazed Donuts": $7.29
[162/336] [chocolate-chip-cookies] matched via "Chocolate Chip Cookies": $4.97
[163/336] [brownie-bites] matched via "brownie bites bakery": $4.76
[164/336] [cupcakes] matched via "Cupcakes": $6.74
[165/336] [birthday-cake] no match today (tried 4 queries)
[166/336] [pound-cake] matched via "Pound Cake": $6.52
[167/336] [pie-crust] matched via "Pie Crust": $3.88
[168/336] [apple-pie] matched via "Apple Pie": $9.92
[169/336] [naan-bread] matched via "Naan Bread": $2.92
[170/336] [corn-tortillas] matched via "Corn Tortillas": $2.97
[171/336] [flatbread] no match today (tried 4 queries)
[172/336] [frozen-pizza] matched via "Frozen Cheese Pizza": $4.46
[173/336] [frozen-mixed-veg] matched via "Frozen Mixed Vegetables": $2.58
[174/336] [ice-cream] matched via "Vanilla Ice Cream": $5.8
[175/336] [chicken-nuggets] matched via "Frozen Chicken Nuggets": $7.24
[176/336] [frozen-waffles] matched via "frozen waffles single": $2.68
[177/336] [french-fries] no match today (tried 3 queries)
[178/336] [frozen-berries] no match today (tried 3 queries)
[179/336] [frozen-burritos] matched via "Frozen Burritos": $5.47
[180/336] [edamame] matched via "Frozen Edamame": $2.22
[181/336] [frozen-broccoli] matched via "Frozen Broccoli Florets": $2.22
[182/336] [frozen-corn] matched via "Frozen Corn": $2.12
[183/336] [frozen-peas] matched via "Frozen Peas": $1.64
[184/336] [frozen-green-beans] no match today (tried 3 queries)
[185/336] [frozen-spinach] matched via "Frozen Chopped Spinach": $1.56
[186/336] [frozen-stir-fry-veg] matched via "Frozen Stir Fry Vegetables": $2.72
[187/336] [frozen-mango] matched via "Frozen Mango Chunks": $3.42
[188/336] [frozen-pineapple] no match today (tried 3 queries)
[189/336] [frozen-shrimp] matched via "Frozen Shrimp (peeled)": $7.97 (was $8.97)
[190/336] [frozen-fish-sticks] no match today (tried 3 queries)
[191/336] [frozen-meatballs] matched via "Frozen Meatballs": $7.96
[192/336] [frozen-lasagna] matched via "frozen lasagna single": $9.84
[193/336] [frozen-mac-and-cheese] matched via "Frozen Mac & Cheese": $3.34
[194/336] [frozen-pot-pie] matched via "Frozen Chicken Pot Pie": $3.48
[195/336] [frozen-breakfast-sandwiches] matched via "frozen breakfast sandwiches single": $5.87
[196/336] [frozen-hash-browns] matched via "Frozen Hash Browns": $3.42
[197/336] [frozen-tater-tots] no match today (tried 3 queries)
[198/336] [frozen-onion-rings] no match today (tried 3 queries)
[199/336] [frozen-garlic-bread] no match today (tried 3 queries)
[200/336] [popsicles] matched via "popsicles single": $3.48
[201/336] [ice-cream-sandwiches] matched via "Ice Cream Sandwiches": $5.24
[202/336] [frozen-fruit-bars] matched via "Frozen Fruit Bars": $3.98
[203/336] [frozen-dumplings] matched via "Frozen Dumplings": $5.87
[204/336] [frozen-cauliflower] matched via "Frozen Cauliflower": $2.47
[205/336] [frozen-chicken-breast] no match today (tried 3 queries)
[206/336] [paper-towels] matched via "Paper Towels": $11.48
[207/336] [toilet-paper] matched via "Toilet Paper": $14.97
[208/336] [dish-soap] matched via "Dish Soap": $3.98
[209/336] [laundry-detergent] matched via "Laundry Detergent": $13.47 (was $15.94)
[210/336] [trash-bags] matched via "Trash Bags": $10.97
[211/336] [paper-plates] matched via "Paper Plates": $6.2
[212/336] [all-purpose-cleaner] matched via "All-Purpose Cleaner": $3.98
[213/336] [hand-soap] matched via "Hand Soap": $6.97
[214/336] [sponges] matched via "Sponges": $4.22
[215/336] [napkins] matched via "Paper Napkins": $3.48
[216/336] [facial-tissue] matched via "Facial Tissue": $6.84
[217/336] [aluminum-foil] matched via "Aluminum Foil": $5.97
[218/336] [plastic-wrap] matched via "Plastic Wrap": $4.33
[219/336] [sandwich-bags] matched via "Sandwich Bags": $3.98
[220/336] [freezer-bags] matched via "Freezer Bags": $6.48
[221/336] [dishwasher-detergent] matched via "Dishwasher Detergent Pods": $12.97 (was $16.88)
[222/336] [fabric-softener] matched via "Fabric Softener": $8.27
[223/336] [bleach] matched via "Bleach": $4.97
[224/336] [glass-cleaner] matched via "Glass Cleaner": $4.47
[225/336] [toilet-bowl-cleaner] matched via "Toilet Bowl Cleaner": $2.82
[226/336] [air-freshener] matched via "Air Freshener Spray": $4.94
[227/336] [dryer-sheets] matched via "Dryer Sheets": $6.77 (was $14.94)
[228/336] [batteries-aa] matched via "AA Batteries": $11.99 (was $15.99)
[229/336] [lightbulbs] matched via "led lightbulbs household": $9.99 (was $15.99)
[230/336] [shampoo] matched via "Shampoo": $7.68
[231/336] [conditioner] matched via "Conditioner": $7.68
[232/336] [body-wash] matched via "Body Wash": $5.87
[233/336] [toothpaste] matched via "Toothpaste": $3.98
[234/336] [toothbrushes] matched via "toothbrushes household": $2.97
[235/336] [deodorant] matched via "Deodorant": $5.52
[236/336] [laundry-pods] matched via "Laundry Detergent Pods": $13.19 (was $23.01)
[237/336] [rubber-gloves] matched via "Rubber Gloves": $3.68
[238/336] [storage-containers] matched via "Food Storage Containers": $8.97
[239/336] [spaghetti] matched via "Spaghetti Pasta": $1.98
[240/336] [marinara-sauce] matched via "Marinara Sauce": $3.96
[241/336] [white-rice] matched via "White Rice": $6.46
[242/336] [black-beans] matched via "Black Beans": $1.48
[243/336] [peanut-butter] matched via "Peanut Butter": $3.58 (was $3.98)
[244/336] [cheerios] matched via "Cheerios Cereal": $4.93
[245/336] [ground-coffee] matched via "Ground Coffee": $8.96 (was $9.96)
[246/336] [olive-oil] matched via "Olive Oil": $10.76
[247/336] [diced-tomatoes] matched via "Diced Tomatoes": $1.48
[248/336] [granulated-sugar] matched via "Granulated Sugar": $3.74
[249/336] [vegetable-oil] matched via "Vegetable Oil": $7.7
[250/336] [flour] matched via "All-Purpose Flour": $4.57
[251/336] [honey] matched via "Honey": $5.12 (was $6.47)
[252/336] [jelly] matched via "Grape Jelly": $3.14
[253/336] [canned-soup] matched via "Chicken Noodle Soup": $1.74
[254/336] [oatmeal] matched via "Oatmeal": $3.72
[255/336] [crackers] matched via "Crackers": $5.14
[256/336] [tortilla-chips] matched via "Tortilla Chips": $4.17 (was $5)
[257/336] [salsa] matched via "Salsa": $3.37
[258/336] [ketchup] matched via "Ketchup": $3.64 (was $4.48)
[259/336] [mustard] matched via "Yellow Mustard": $2.27
[260/336] [canned-corn] matched via "Canned Corn": $1.54
[261/336] [canned-green-beans] matched via "Canned Green Beans": $0.84
[262/336] [canned-peas] no match today (tried 3 queries)
[263/336] [canned-chickpeas] no match today (tried 3 queries)
[264/336] [canned-kidney-beans] matched via "Canned Kidney Beans": $1.3 (was $1.48)
[265/336] [canned-pinto-beans] no match today (tried 3 queries)
[266/336] [tomato-sauce] no match today (tried 3 queries)
[267/336] [tomato-paste] matched via "Tomato Paste": $1.06
[268/336] [canned-pumpkin] no match today (tried 3 queries)
[269/336] [fruit-cocktail] matched via "Canned Fruit Cocktail": $2.62
[270/336] [applesauce] matched via "Applesauce": $2.68
[271/336] [chicken-broth] matched via "Chicken Broth": $2.27
[272/336] [beef-broth] matched via "Beef Broth": $2.49
[273/336] [vegetable-broth] matched via "Vegetable Broth": $2.97
[274/336] [tomato-soup] matched via "Tomato Soup": $1.38
[275/336] [minestrone-soup] matched via "Minestrone Soup": $2.48
[276/336] [mac-and-cheese-box] no match today (tried 3 queries)
[277/336] [penne-pasta] no match today (tried 3 queries)
[278/336] [rotini-pasta] matched via "Rotini Pasta": $2.34
[279/336] [lasagna-noodles] no match today (tried 3 queries)
[280/336] [egg-noodles] matched via "Egg Noodles": $2.48
[281/336] [brown-rice] matched via "Brown Rice": $6.62
[282/336] [jasmine-rice] matched via "Jasmine Rice": $7.23 (was $18.76)
[283/336] [quinoa] matched via "Quinoa": $5.74
[284/336] [couscous] matched via "Couscous": $3.09 (was $3.49)
[285/336] [bread-crumbs] matched via "Bread Crumbs": $2.36 (was $2.99)
[286/336] [panko] matched via "Panko Bread Crumbs": $2.67
[287/336] [baking-soda] matched via "Baking Soda": $1.47
[288/336] [baking-powder] matched via "Baking Powder": $2.47
[289/336] [brown-sugar] matched via "Brown Sugar": $3.74
[290/336] [powdered-sugar] no match today (tried 3 queries)
[291/336] [vanilla-extract] matched via "Vanilla Extract": $6.44
[292/336] [chocolate-chips] matched via "Chocolate Chips": $3.86
[293/336] [cake-mix] matched via "Cake Mix": $2.4
[294/336] [brownie-mix] matched via "Brownie Mix": $2.97
[295/336] [pancake-mix] matched via "Pancake Mix": $4.45
[296/336] [maple-syrup] matched via "Maple Syrup": $6.82 (was $9.89)
[297/336] [cooking-spray] matched via "Cooking Spray": $3.77
[298/336] [black-pepper] matched via "Black Pepper": $4.98 (was $6.58)
[299/336] [table-salt] no match today (tried 3 queries)
[300/336] [ground-cinnamon] matched via "Ground Cinnamon": $4.22
[301/336] [garlic-powder] matched via "Garlic Powder": $3.18
[302/336] [italian-seasoning] matched via "Italian Seasoning": $3.34
[303/336] [chili-powder] matched via "Chili Powder": $3.42
[304/336] [soy-sauce] matched via "Soy Sauce": $3.36
[305/336] [hot-sauce] matched via "Hot Sauce": $3.72
[306/336] [bbq-sauce] matched via "BBQ Sauce": $3.53
[307/336] [mayonnaise] matched via "Mayonnaise": $5.26
[308/336] [ranch-dressing] matched via "Ranch Dressing": $4.16 (was $5.15)
[309/336] [italian-dressing] matched via "Italian Dressing": $4.16 (was $5.15)
[310/336] [balsamic-vinegar] matched via "Balsamic Vinegar": $6.27
[311/336] [apple-cider-vinegar] matched via "Apple Cider Vinegar": $4.96
[312/336] [almond-butter] matched via "Almond Butter": $9.39
[313/336] [granola] matched via "Granola": $5.26
[314/336] [granola-bars] matched via "Granola Bars": $4.42
[315/336] [protein-bars] matched via "Protein Bars": $16.94
[316/336] [trail-mix] matched via "Trail Mix": $6.28
[317/336] [almonds] matched via "Almonds": $8.72
[318/336] [cashews] matched via "Cashews": $8.98
[319/336] [walnuts] matched via "Walnuts": $7.84
[320/336] [raisins] matched via "Raisins": $3.36
[321/336] [dried-cranberries] matched via "Dried Cranberries": $3.62
[322/336] [popcorn] matched via "Microwave Popcorn": $4.57
[323/336] [pretzels] matched via "Pretzels": $3.24 (was $3.62)
[324/336] [potato-chips] matched via "Potato Chips": $3.98
[325/336] [cheese-crackers] matched via "Cheese Crackers": $4.32
[326/336] [fruit-snacks] matched via "Fruit Snacks": $4.67
[327/336] [instant-coffee] matched via "Instant Coffee": $8.77
[328/336] [tea-bags] matched via "Tea Bags": $5.97
[329/336] [hot-cocoa-mix] matched via "Hot Cocoa Mix": $3.92
[330/336] [sparkling-water] matched via "Sparkling Water": $6.79
[331/336] [cola] matched via "Cola 12-Pack": $7.78 (was $8.78)
[332/336] [bottled-water] matched via "bottled water single": $5.88
[333/336] [sports-drink] matched via "Sports Drink": $6.98 (was $7.98)
[334/336] [juice-boxes] matched via "Juice Boxes": $4.47
[335/336] [apple-juice] matched via "Apple Juice": $3.74
[336/336] [energy-drink] matched via "Energy Drink 4-Pack": $9.48 (was $10.78)

--- Run summary ---
{
  "ranAt": "2026-08-01T04:07:21.233Z",
  "durationMinutes": 158,
  "totalItems": 336,
  "matchedCount": 256,
  "unmatchedCount": 80,
  "unmatchedIds": [
    "bananas",
    "gala-apples",
    "tomatoes",
    "avocados",
    "grapes",
    "watermelon",
    "cucumbers",
    "bell-peppers",
    "red-apples",
    "green-apples",
    "oranges",
    "lemons",
    "limes",
    "mango",
    "plums",
    "blackberries",
    "kiwi",
    "yellow-squash",
    "mushrooms",
    "fresh-ginger",
    "green-cabbage",
    "red-cabbage",
    "corn-on-the-cob",
    "red-onions",
    "radishes",
    "beets",
    "kale",
    "roma-tomatoes",
    "cherry-tomatoes",
    "eggplant",
    "whole-milk",
    "yogurt-cups",
    "margarine",
    "chicken-breast",
    "ground-beef",
    "pork-chops",
    "chicken-thighs",
    "steak",
    "chicken-drumsticks",
    "chicken-wings",
    "whole-chicken",
    "ground-pork",
    "pork-tenderloin",
    "pork-ribs",
    "lean-ground-beef",
    "beef-stew-meat",
    "flank-steak",
    "sirloin-steak",
    "turkey-breast-whole",
    "ground-chicken",
    "cod-fillet",
    "lobster-tail",
    "scallops",
    "canned-tuna",
    "imitation-crab",
    "veggie-burgers",
    "dinner-rolls",
    "brioche-buns",
    "french-baguette",
    "birthday-cake",
    "flatbread",
    "french-fries",
    "frozen-berries",
    "frozen-green-beans",
    "frozen-pineapple",
    "frozen-fish-sticks",
    "frozen-tater-tots",
    "frozen-onion-rings",
    "frozen-garlic-bread",
    "frozen-chicken-breast",
    "canned-peas",
    "canned-chickpeas",
    "canned-pinto-beans",
    "tomato-sauce",
    "canned-pumpkin",
    "mac-and-cheese-box",
    "penne-pasta",
    "lasagna-noodles",
    "powdered-sugar",
    "table-salt"
  ],
  "totalQueriesRun": 735
}
